file:///home/frederik/Pictures/desktopRotation/42.jpg
file:///home/frederik/Pictures/desktopRotation/17_-_gi2I8O8.jpg
file:///home/frederik/Pictures/desktopRotation/Minecraft_gray.jpg
file:///home/frederik/Pictures/desktopRotation/nabo_galakse.jpg
done
file:///home/frederik/Pictures/desktopRotation/schrødingers_cat.jpg
done
file:///home/frederik/Pictures/desktopRotation/15_-_d1FsMKQ.jpg
done
file:///home/frederik/Pictures/desktopRotation/nr12.jpg
done
file:///home/frederik/Pictures/desktopRotation/teaching_space.jpg
done
file:///home/frederik/Pictures/desktopRotation/Shoot_medic_first.png
done
file:///home/frederik/Pictures/desktopRotation/stand_back!.jpg
done
file:///home/frederik/Pictures/desktopRotation/apple-wallpaper-1280x800-025.jpg
done
file:///home/frederik/Pictures/desktopRotation/nr3.png
done
file:///home/frederik/Pictures/desktopRotation/scientists.jpg
done
file:///home/frederik/Pictures/desktopRotation/xhalW4t.png
done
file:///home/frederik/Pictures/desktopRotation/Dark_abstract3.jpg
done
file:///home/frederik/Pictures/desktopRotation/Gaming_doesn't_equal_killer.jpg
done
file:///home/frederik/Pictures/desktopRotation/Shoot_medic_first.png
done
file:///home/frederik/Pictures/desktopRotation/vK2WFiW_-_Imgur.jpg
done
file:///home/frederik/Pictures/desktopRotation/21_-_rUXELpo.jpg
done
file:///home/frederik/Pictures/desktopRotation/apple-wallpaper-1280x800-025.jpg
done
file:///home/frederik/Pictures/desktopRotation/xhalW4t.png
done
file:///home/frederik/Pictures/desktopRotation/13_-_h0jH4PY.jpg
done
file:///home/frederik/Pictures/desktopRotation/6081.jpg
done
file:///home/frederik/Pictures/desktopRotation/xhalW4t.png
done
file:///home/frederik/Pictures/desktopRotation/v19CvXn.jpg
done
file:///home/frederik/Pictures/desktopRotation/dangerous_science.png
done
file:///home/frederik/Pictures/desktopRotation/apple_2.jpg
done
file:///home/frederik/Pictures/desktopRotation/apple_cyberspace.png
done
file:///home/frederik/Pictures/desktopRotation/nr2.png
done
file:///home/frederik/Pictures/desktopRotation/12_-_nfOkebA.jpg
done
file:///home/frederik/Pictures/desktopRotation/nr10.jpg
done
file:///home/frederik/Pictures/desktopRotation/12_-_nfOkebA.jpg
done
file:///home/frederik/Pictures/desktopRotation/Dark_abstract2.jpg
done
file:///home/frederik/Pictures/desktopRotation/16_-_4voK8zT.jpg
done
file:///home/frederik/Pictures/desktopRotation/nr11.jpg
done
file:///home/frederik/Pictures/desktopRotation/nr14.jpg
done
file:///home/frederik/Pictures/desktopRotation/nr14.jpg
done
file:///home/frederik/Pictures/desktopRotation/nr14.jpg
done
file:///home/frederik/Pictures/desktopRotation/???_woman.jpg
done
file:///home/frederik/Pictures/desktopRotation/hydrogen_wonders.jpg
done
file:///home/frederik/Pictures/desktopRotation/future_city.jpg
done
file:///home/frederik/Pictures/desktopRotation/Dark_abstract2.jpg
done
file:///home/frederik/Pictures/desktopRotation/20_-_QF5zrOL.jpg
done
file:///home/frederik/Pictures/desktopRotation/11_-_6GQFTah.jpg
done
file:///home/frederik/Pictures/desktopRotation/12_-_nfOkebA.jpg
done
file:///home/frederik/Pictures/desktopRotation/painted_female_assasin.jpg
done
file:///home/frederik/Pictures/desktopRotation/13_-_h0jH4PY.jpg
done
file:///home/frederik/Pictures/desktopRotation/nr11.jpg
done
file:///home/frederik/Pictures/desktopRotation/16_-_4voK8zT.jpg
done
file:///home/frederik/Pictures/desktopRotation/01_-_Ycsw1K3.jpg
done
file:///home/frederik/Pictures/desktopRotation/07_-_SETJSBO.jpg
done
file:///home/frederik/Pictures/desktopRotation/17_-_gi2I8O8.jpg
done
file:///home/frederik/Pictures/desktopRotation/Dark_abstract5.jpg
done
file:///home/frederik/Pictures/desktopRotation/Dark_abstract3.jpg
done
file:///home/frederik/Pictures/desktopRotation/05_-_7pakFAp.jpg
done
file:///home/frederik/Pictures/desktopRotation/Dark_abstract4.jpg
done
file:///home/frederik/Pictures/desktopRotation/Dark_abstract4.jpg
done
file:///home/frederik/Pictures/desktopRotation/06_-_3KgsUtF.jpg
done
file:///home/frederik/Pictures/desktopRotation/05_-_7pakFAp.jpg
done
file:///home/frederik/Pictures/desktopRotation/xhalW4t.png
done
file:///home/frederik/Pictures/desktopRotation/Dark_abstract3.jpg
done
file:///home/frederik/Pictures/desktopRotation/04_-_7iekL4b.jpg
done
file:///home/frederik/Pictures/desktopRotation/21_-_rUXELpo.jpg
done
file:///home/frederik/Pictures/desktopRotation/nr14.jpg
done
file:///home/frederik/Pictures/desktopRotation/EQGtWKC_-_Imgur.png
done
file:///home/frederik/Pictures/desktopRotation/15_-_d1FsMKQ.jpg
done
file:///home/frederik/Pictures/desktopRotation/12_-_nfOkebA.jpg
done
file:///home/frederik/Pictures/desktopRotation/future_city.jpg
done
file:///home/frederik/Pictures/desktopRotation/Dark_abstract4.jpg
done
file:///home/frederik/Pictures/desktopRotation/01_-_Ycsw1K3.jpg
done
file:///home/frederik/Pictures/desktopRotation/18_-_siOI7TB.jpg
done
file:///home/frederik/Pictures/desktopRotation/04_-_7iekL4b.jpg
done
file:///home/frederik/Pictures/desktopRotation/painted_female_assasin.jpg
done
file:///home/frederik/Pictures/desktopRotation/01_-_Ycsw1K3.jpg
done
file:///home/frederik/Pictures/desktopRotation/W_2013_324_SIMPLE_THINGS.jpg
done
file:///home/frederik/Pictures/desktopRotation/Dark_abstract2.jpg
done
file:///home/frederik/Pictures/desktopRotation/Dark_abstract5.jpg
done
file:///home/frederik/Pictures/desktopRotation/abstract.jpg
done
file:///home/frederik/Pictures/desktopRotation/Dark_abstract5.jpg
done
file:///home/frederik/Pictures/desktopRotation/17_-_gi2I8O8.jpg
done
file:///home/frederik/Pictures/desktopRotation/06_-_3KgsUtF.jpg
done
file:///home/frederik/Pictures/desktopRotation/v19CvXn.jpg
done
file:///home/frederik/Pictures/desktopRotation/15_-_d1FsMKQ.jpg
done
file:///home/frederik/Pictures/desktopRotation/07_-_SETJSBO.jpg
done
file:///home/frederik/Pictures/desktopRotation/"Ted"_med_damer.jpg
done
file:///home/frederik/Pictures/desktopRotation/EQGtWKC_-_Imgur.png
done
2015-01-02
wrote date
im running
done running
2015-01-02 19:30:01.309966
wrote date
im running
done running
2015-01-02 20:00:01.336756
already done
done running
